0 verbose cli /home/hashtech/user_profile/.local/node-v20.20.2-linux-x64/bin/node /home/hashtech/user_profile/.local/node-v20.20.2-linux-x64/bin/npm
1 info using npm@10.8.2
2 info using node@v20.20.2
3 silly config load:file:/home/hashtech/user_profile/.local/node-v20.20.2-linux-x64/lib/node_modules/npm/npmrc
4 silly config load:file:/home/hashtech/user_profile/frontend/.npmrc
5 silly config load:file:/home/hashtech/.npmrc
6 silly config load:file:/home/hashtech/user_profile/.local/node-v20.20.2-linux-x64/etc/npmrc
7 verbose title npm ci
8 verbose argv "ci" "--no-audit" "--no-fund"
9 verbose logfile logs-max:10 dir:/home/hashtech/user_profile/.npm-cache/_logs/2026-04-08T07_58_12_950Z-
10 verbose logfile /home/hashtech/user_profile/.npm-cache/_logs/2026-04-08T07_58_12_950Z-debug-0.log
11 silly packumentCache heap:2197815296 maxSize:549453824 maxEntrySize:274726912
12 silly logfile done cleaning log files
13 silly idealTree buildDeps
14 silly reify moves {}
15 verbose reify failed optional dependency /home/hashtech/user_profile/frontend/node_modules/fsevents
16 silly reify mark deleted [ '/home/hashtech/user_profile/frontend/node_modules/fsevents' ]
17 verbose reify failed optional dependency /home/hashtech/user_profile/frontend/node_modules/@rollup/rollup-win32-x64-msvc
18 silly reify mark deleted [
18 silly reify   '/home/hashtech/user_profile/frontend/node_modules/@rollup/rollup-win32-x64-msvc'
18 silly reify ]
19 verbose reify failed optional dependency /home/hashtech/user_profile/frontend/node_modules/@rollup/rollup-win32-x64-gnu
20 silly reify mark deleted [
20 silly reify   '/home/hashtech/user_profile/frontend/node_modules/@rollup/rollup-win32-x64-gnu'
20 silly reify ]
21 verbose reify failed optional dependency /home/hashtech/user_profile/frontend/node_modules/@rollup/rollup-win32-ia32-msvc
22 silly reify mark deleted [
22 silly reify   '/home/hashtech/user_profile/frontend/node_modules/@rollup/rollup-win32-ia32-msvc'
22 silly reify ]
23 verbose reify failed optional dependency /home/hashtech/user_profile/frontend/node_modules/@rollup/rollup-win32-arm64-msvc
24 silly reify mark deleted [
24 silly reify   '/home/hashtech/user_profile/frontend/node_modules/@rollup/rollup-win32-arm64-msvc'
24 silly reify ]
25 verbose reify failed optional dependency /home/hashtech/user_profile/frontend/node_modules/@rollup/rollup-openharmony-arm64
26 silly reify mark deleted [
26 silly reify   '/home/hashtech/user_profile/frontend/node_modules/@rollup/rollup-openharmony-arm64'
26 silly reify ]
27 verbose reify failed optional dependency /home/hashtech/user_profile/frontend/node_modules/@rollup/rollup-openbsd-x64
28 silly reify mark deleted [
28 silly reify   '/home/hashtech/user_profile/frontend/node_modules/@rollup/rollup-openbsd-x64'
28 silly reify ]
29 verbose reify failed optional dependency /home/hashtech/user_profile/frontend/node_modules/@rollup/rollup-linux-x64-musl
30 silly reify mark deleted [
30 silly reify   '/home/hashtech/user_profile/frontend/node_modules/@rollup/rollup-linux-x64-musl'
30 silly reify ]
31 verbose reify failed optional dependency /home/hashtech/user_profile/frontend/node_modules/@rollup/rollup-linux-s390x-gnu
32 silly reify mark deleted [
32 silly reify   '/home/hashtech/user_profile/frontend/node_modules/@rollup/rollup-linux-s390x-gnu'
32 silly reify ]
33 verbose reify failed optional dependency /home/hashtech/user_profile/frontend/node_modules/@rollup/rollup-linux-riscv64-musl
34 silly reify mark deleted [
34 silly reify   '/home/hashtech/user_profile/frontend/node_modules/@rollup/rollup-linux-riscv64-musl'
34 silly reify ]
35 verbose reify failed optional dependency /home/hashtech/user_profile/frontend/node_modules/@rollup/rollup-linux-riscv64-gnu
36 silly reify mark deleted [
36 silly reify   '/home/hashtech/user_profile/frontend/node_modules/@rollup/rollup-linux-riscv64-gnu'
36 silly reify ]
37 verbose reify failed optional dependency /home/hashtech/user_profile/frontend/node_modules/@rollup/rollup-linux-ppc64-musl
38 silly reify mark deleted [
38 silly reify   '/home/hashtech/user_profile/frontend/node_modules/@rollup/rollup-linux-ppc64-musl'
38 silly reify ]
39 verbose reify failed optional dependency /home/hashtech/user_profile/frontend/node_modules/@rollup/rollup-linux-ppc64-gnu
40 silly reify mark deleted [
40 silly reify   '/home/hashtech/user_profile/frontend/node_modules/@rollup/rollup-linux-ppc64-gnu'
40 silly reify ]
41 verbose reify failed optional dependency /home/hashtech/user_profile/frontend/node_modules/@rollup/rollup-linux-loong64-musl
42 silly reify mark deleted [
42 silly reify   '/home/hashtech/user_profile/frontend/node_modules/@rollup/rollup-linux-loong64-musl'
42 silly reify ]
43 verbose reify failed optional dependency /home/hashtech/user_profile/frontend/node_modules/@rollup/rollup-linux-loong64-gnu
44 silly reify mark deleted [
44 silly reify   '/home/hashtech/user_profile/frontend/node_modules/@rollup/rollup-linux-loong64-gnu'
44 silly reify ]
45 verbose reify failed optional dependency /home/hashtech/user_profile/frontend/node_modules/@rollup/rollup-linux-arm64-musl
46 silly reify mark deleted [
46 silly reify   '/home/hashtech/user_profile/frontend/node_modules/@rollup/rollup-linux-arm64-musl'
46 silly reify ]
47 verbose reify failed optional dependency /home/hashtech/user_profile/frontend/node_modules/@rollup/rollup-linux-arm64-gnu
48 silly reify mark deleted [
48 silly reify   '/home/hashtech/user_profile/frontend/node_modules/@rollup/rollup-linux-arm64-gnu'
48 silly reify ]
49 verbose reify failed optional dependency /home/hashtech/user_profile/frontend/node_modules/@rollup/rollup-linux-arm-musleabihf
50 silly reify mark deleted [
50 silly reify   '/home/hashtech/user_profile/frontend/node_modules/@rollup/rollup-linux-arm-musleabihf'
50 silly reify ]
51 verbose reify failed optional dependency /home/hashtech/user_profile/frontend/node_modules/@rollup/rollup-linux-arm-gnueabihf
52 silly reify mark deleted [
52 silly reify   '/home/hashtech/user_profile/frontend/node_modules/@rollup/rollup-linux-arm-gnueabihf'
52 silly reify ]
53 verbose reify failed optional dependency /home/hashtech/user_profile/frontend/node_modules/@rollup/rollup-freebsd-x64
54 silly reify mark deleted [
54 silly reify   '/home/hashtech/user_profile/frontend/node_modules/@rollup/rollup-freebsd-x64'
54 silly reify ]
55 verbose reify failed optional dependency /home/hashtech/user_profile/frontend/node_modules/@rollup/rollup-freebsd-arm64
56 silly reify mark deleted [
56 silly reify   '/home/hashtech/user_profile/frontend/node_modules/@rollup/rollup-freebsd-arm64'
56 silly reify ]
57 verbose reify failed optional dependency /home/hashtech/user_profile/frontend/node_modules/@rollup/rollup-darwin-x64
58 silly reify mark deleted [
58 silly reify   '/home/hashtech/user_profile/frontend/node_modules/@rollup/rollup-darwin-x64'
58 silly reify ]
59 verbose reify failed optional dependency /home/hashtech/user_profile/frontend/node_modules/@rollup/rollup-darwin-arm64
60 silly reify mark deleted [
60 silly reify   '/home/hashtech/user_profile/frontend/node_modules/@rollup/rollup-darwin-arm64'
60 silly reify ]
61 verbose reify failed optional dependency /home/hashtech/user_profile/frontend/node_modules/@rollup/rollup-android-arm64
62 silly reify mark deleted [
62 silly reify   '/home/hashtech/user_profile/frontend/node_modules/@rollup/rollup-android-arm64'
62 silly reify ]
63 verbose reify failed optional dependency /home/hashtech/user_profile/frontend/node_modules/@rollup/rollup-android-arm-eabi
64 silly reify mark deleted [
64 silly reify   '/home/hashtech/user_profile/frontend/node_modules/@rollup/rollup-android-arm-eabi'
64 silly reify ]
65 verbose reify failed optional dependency /home/hashtech/user_profile/frontend/node_modules/@esbuild/win32-x64
66 silly reify mark deleted [
66 silly reify   '/home/hashtech/user_profile/frontend/node_modules/@esbuild/win32-x64'
66 silly reify ]
67 verbose reify failed optional dependency /home/hashtech/user_profile/frontend/node_modules/@esbuild/win32-ia32
68 silly reify mark deleted [
68 silly reify   '/home/hashtech/user_profile/frontend/node_modules/@esbuild/win32-ia32'
68 silly reify ]
69 verbose reify failed optional dependency /home/hashtech/user_profile/frontend/node_modules/@esbuild/win32-arm64
70 silly reify mark deleted [
70 silly reify   '/home/hashtech/user_profile/frontend/node_modules/@esbuild/win32-arm64'
70 silly reify ]
71 verbose reify failed optional dependency /home/hashtech/user_profile/frontend/node_modules/@esbuild/sunos-x64
72 silly reify mark deleted [
72 silly reify   '/home/hashtech/user_profile/frontend/node_modules/@esbuild/sunos-x64'
72 silly reify ]
73 verbose reify failed optional dependency /home/hashtech/user_profile/frontend/node_modules/@esbuild/openbsd-x64
74 silly reify mark deleted [
74 silly reify   '/home/hashtech/user_profile/frontend/node_modules/@esbuild/openbsd-x64'
74 silly reify ]
75 verbose reify failed optional dependency /home/hashtech/user_profile/frontend/node_modules/@esbuild/netbsd-x64
76 silly reify mark deleted [
76 silly reify   '/home/hashtech/user_profile/frontend/node_modules/@esbuild/netbsd-x64'
76 silly reify ]
77 verbose reify failed optional dependency /home/hashtech/user_profile/frontend/node_modules/@esbuild/linux-s390x
78 silly reify mark deleted [
78 silly reify   '/home/hashtech/user_profile/frontend/node_modules/@esbuild/linux-s390x'
78 silly reify ]
79 verbose reify failed optional dependency /home/hashtech/user_profile/frontend/node_modules/@esbuild/linux-riscv64
80 silly reify mark deleted [
80 silly reify   '/home/hashtech/user_profile/frontend/node_modules/@esbuild/linux-riscv64'
80 silly reify ]
81 verbose reify failed optional dependency /home/hashtech/user_profile/frontend/node_modules/@esbuild/linux-ppc64
82 silly reify mark deleted [
82 silly reify   '/home/hashtech/user_profile/frontend/node_modules/@esbuild/linux-ppc64'
82 silly reify ]
83 verbose reify failed optional dependency /home/hashtech/user_profile/frontend/node_modules/@esbuild/linux-mips64el
84 silly reify mark deleted [
84 silly reify   '/home/hashtech/user_profile/frontend/node_modules/@esbuild/linux-mips64el'
84 silly reify ]
85 verbose reify failed optional dependency /home/hashtech/user_profile/frontend/node_modules/@esbuild/linux-loong64
86 silly reify mark deleted [
86 silly reify   '/home/hashtech/user_profile/frontend/node_modules/@esbuild/linux-loong64'
86 silly reify ]
87 verbose reify failed optional dependency /home/hashtech/user_profile/frontend/node_modules/@esbuild/linux-ia32
88 silly reify mark deleted [
88 silly reify   '/home/hashtech/user_profile/frontend/node_modules/@esbuild/linux-ia32'
88 silly reify ]
89 verbose reify failed optional dependency /home/hashtech/user_profile/frontend/node_modules/@esbuild/linux-arm64
90 silly reify mark deleted [
90 silly reify   '/home/hashtech/user_profile/frontend/node_modules/@esbuild/linux-arm64'
90 silly reify ]
91 verbose reify failed optional dependency /home/hashtech/user_profile/frontend/node_modules/@esbuild/linux-arm
92 silly reify mark deleted [
92 silly reify   '/home/hashtech/user_profile/frontend/node_modules/@esbuild/linux-arm'
92 silly reify ]
93 verbose reify failed optional dependency /home/hashtech/user_profile/frontend/node_modules/@esbuild/freebsd-x64
94 silly reify mark deleted [
94 silly reify   '/home/hashtech/user_profile/frontend/node_modules/@esbuild/freebsd-x64'
94 silly reify ]
95 verbose reify failed optional dependency /home/hashtech/user_profile/frontend/node_modules/@esbuild/freebsd-arm64
96 silly reify mark deleted [
96 silly reify   '/home/hashtech/user_profile/frontend/node_modules/@esbuild/freebsd-arm64'
96 silly reify ]
97 verbose reify failed optional dependency /home/hashtech/user_profile/frontend/node_modules/@esbuild/darwin-x64
98 silly reify mark deleted [
98 silly reify   '/home/hashtech/user_profile/frontend/node_modules/@esbuild/darwin-x64'
98 silly reify ]
99 verbose reify failed optional dependency /home/hashtech/user_profile/frontend/node_modules/@esbuild/darwin-arm64
100 silly reify mark deleted [
100 silly reify   '/home/hashtech/user_profile/frontend/node_modules/@esbuild/darwin-arm64'
100 silly reify ]
101 verbose reify failed optional dependency /home/hashtech/user_profile/frontend/node_modules/@esbuild/android-x64
102 silly reify mark deleted [
102 silly reify   '/home/hashtech/user_profile/frontend/node_modules/@esbuild/android-x64'
102 silly reify ]
103 verbose reify failed optional dependency /home/hashtech/user_profile/frontend/node_modules/@esbuild/android-arm64
104 silly reify mark deleted [
104 silly reify   '/home/hashtech/user_profile/frontend/node_modules/@esbuild/android-arm64'
104 silly reify ]
105 verbose reify failed optional dependency /home/hashtech/user_profile/frontend/node_modules/@esbuild/android-arm
106 silly reify mark deleted [
106 silly reify   '/home/hashtech/user_profile/frontend/node_modules/@esbuild/android-arm'
106 silly reify ]
107 verbose reify failed optional dependency /home/hashtech/user_profile/frontend/node_modules/@esbuild/aix-ppc64
108 silly reify mark deleted [
108 silly reify   '/home/hashtech/user_profile/frontend/node_modules/@esbuild/aix-ppc64'
108 silly reify ]
109 silly tarball no local data for yallist@https://registry.npmmirror.com/yallist/-/yallist-3.1.1.tgz. Extracting by manifest.
110 silly tarball no local data for update-browserslist-db@https://registry.npmmirror.com/update-browserslist-db/-/update-browserslist-db-1.2.3.tgz. Extracting by manifest.
111 silly tarball no local data for source-map-js@https://registry.npmmirror.com/source-map-js/-/source-map-js-1.2.1.tgz. Extracting by manifest.
112 silly tarball no local data for semver@https://registry.npmmirror.com/semver/-/semver-6.3.1.tgz. Extracting by manifest.
113 silly tarball no local data for scheduler@https://registry.npmmirror.com/scheduler/-/scheduler-0.23.2.tgz. Extracting by manifest.
114 silly tarball no local data for rollup@https://registry.npmmirror.com/rollup/-/rollup-4.60.1.tgz. Extracting by manifest.
115 silly tarball no local data for react-refresh@https://registry.npmmirror.com/react-refresh/-/react-refresh-0.17.0.tgz. Extracting by manifest.
116 silly tarball no local data for react-dom@https://registry.npmmirror.com/react-dom/-/react-dom-18.3.1.tgz. Extracting by manifest.
117 silly tarball no local data for react@https://registry.npmmirror.com/react/-/react-18.3.1.tgz. Extracting by manifest.
118 silly tarball no local data for postcss@https://registry.npmmirror.com/postcss/-/postcss-8.5.8.tgz. Extracting by manifest.
119 silly tarball no local data for picocolors@https://registry.npmmirror.com/picocolors/-/picocolors-1.1.1.tgz. Extracting by manifest.
120 silly tarball no local data for node-releases@https://registry.npmmirror.com/node-releases/-/node-releases-2.0.37.tgz. Extracting by manifest.
121 silly tarball no local data for nanoid@https://registry.npmmirror.com/nanoid/-/nanoid-3.3.11.tgz. Extracting by manifest.
122 silly tarball no local data for lru-cache@https://registry.npmmirror.com/lru-cache/-/lru-cache-5.1.1.tgz. Extracting by manifest.
123 silly tarball no local data for loose-envify@https://registry.npmmirror.com/loose-envify/-/loose-envify-1.4.0.tgz. Extracting by manifest.
124 silly tarball no local data for json5@https://registry.npmmirror.com/json5/-/json5-2.2.3.tgz. Extracting by manifest.
125 silly tarball no local data for jsesc@https://registry.npmmirror.com/jsesc/-/jsesc-3.1.0.tgz. Extracting by manifest.
126 silly tarball no local data for js-tokens@https://registry.npmmirror.com/js-tokens/-/js-tokens-4.0.0.tgz. Extracting by manifest.
127 silly tarball no local data for gensync@https://registry.npmmirror.com/gensync/-/gensync-1.0.0-beta.2.tgz. Extracting by manifest.
128 silly tarball no local data for escalade@https://registry.npmmirror.com/escalade/-/escalade-3.2.0.tgz. Extracting by manifest.
129 silly tarball no local data for esbuild@https://registry.npmmirror.com/esbuild/-/esbuild-0.21.5.tgz. Extracting by manifest.
130 silly tarball no local data for electron-to-chromium@https://registry.npmmirror.com/electron-to-chromium/-/electron-to-chromium-1.5.331.tgz. Extracting by manifest.
131 silly tarball no local data for convert-source-map@https://registry.npmmirror.com/convert-source-map/-/convert-source-map-2.0.0.tgz. Extracting by manifest.
132 silly tarball no local data for caniuse-lite@https://registry.npmmirror.com/caniuse-lite/-/caniuse-lite-1.0.30001784.tgz. Extracting by manifest.
133 silly tarball no local data for browserslist@https://registry.npmmirror.com/browserslist/-/browserslist-4.28.2.tgz. Extracting by manifest.
134 silly tarball no local data for baseline-browser-mapping@https://registry.npmmirror.com/baseline-browser-mapping/-/baseline-browser-mapping-2.10.13.tgz. Extracting by manifest.
135 silly tarball no local data for @vitejs/plugin-react@https://registry.npmmirror.com/@vitejs/plugin-react/-/plugin-react-4.7.0.tgz. Extracting by manifest.
136 silly tarball no local data for @types/estree@https://registry.npmmirror.com/@types/estree/-/estree-1.0.8.tgz. Extracting by manifest.
137 silly tarball no local data for @types/babel__traverse@https://registry.npmmirror.com/@types/babel__traverse/-/babel__traverse-7.28.0.tgz. Extracting by manifest.
138 silly tarball no local data for @types/babel__template@https://registry.npmmirror.com/@types/babel__template/-/babel__template-7.4.4.tgz. Extracting by manifest.
139 silly tarball no local data for @types/babel__generator@https://registry.npmmirror.com/@types/babel__generator/-/babel__generator-7.27.0.tgz. Extracting by manifest.
140 silly tarball no local data for @types/babel__core@https://registry.npmmirror.com/@types/babel__core/-/babel__core-7.20.5.tgz. Extracting by manifest.
141 silly tarball no local data for @rollup/rollup-linux-x64-gnu@https://registry.npmmirror.com/@rollup/rollup-linux-x64-gnu/-/rollup-linux-x64-gnu-4.60.1.tgz. Extracting by manifest.
142 silly tarball no local data for @rolldown/pluginutils@https://registry.npmmirror.com/@rolldown/pluginutils/-/pluginutils-1.0.0-beta.27.tgz. Extracting by manifest.
143 silly tarball no local data for @jridgewell/trace-mapping@https://registry.npmmirror.com/@jridgewell/trace-mapping/-/trace-mapping-0.3.31.tgz. Extracting by manifest.
144 silly tarball no local data for @jridgewell/sourcemap-codec@https://registry.npmmirror.com/@jridgewell/sourcemap-codec/-/sourcemap-codec-1.5.5.tgz. Extracting by manifest.
145 silly tarball no local data for @jridgewell/resolve-uri@https://registry.npmmirror.com/@jridgewell/resolve-uri/-/resolve-uri-3.1.2.tgz. Extracting by manifest.
146 silly tarball no local data for @jridgewell/remapping@https://registry.npmmirror.com/@jridgewell/remapping/-/remapping-2.3.5.tgz. Extracting by manifest.
147 silly tarball no local data for @jridgewell/gen-mapping@https://registry.npmmirror.com/@jridgewell/gen-mapping/-/gen-mapping-0.3.13.tgz. Extracting by manifest.
148 silly tarball no local data for @esbuild/linux-x64@https://registry.npmmirror.com/@esbuild/linux-x64/-/linux-x64-0.21.5.tgz. Extracting by manifest.
149 silly tarball no local data for @babel/types@https://registry.npmmirror.com/@babel/types/-/types-7.29.0.tgz. Extracting by manifest.
150 silly tarball no local data for @babel/traverse@https://registry.npmmirror.com/@babel/traverse/-/traverse-7.29.0.tgz. Extracting by manifest.
151 silly tarball no local data for @babel/template@https://registry.npmmirror.com/@babel/template/-/template-7.28.6.tgz. Extracting by manifest.
152 silly tarball no local data for @babel/plugin-transform-react-jsx-source@https://registry.npmmirror.com/@babel/plugin-transform-react-jsx-source/-/plugin-transform-react-jsx-source-7.27.1.tgz. Extracting by manifest.
153 silly tarball no local data for @babel/plugin-transform-react-jsx-self@https://registry.npmmirror.com/@babel/plugin-transform-react-jsx-self/-/plugin-transform-react-jsx-self-7.27.1.tgz. Extracting by manifest.
154 silly tarball no local data for @babel/parser@https://registry.npmmirror.com/@babel/parser/-/parser-7.29.2.tgz. Extracting by manifest.
155 silly tarball no local data for @babel/helpers@https://registry.npmmirror.com/@babel/helpers/-/helpers-7.29.2.tgz. Extracting by manifest.
156 silly tarball no local data for @babel/helper-validator-option@https://registry.npmmirror.com/@babel/helper-validator-option/-/helper-validator-option-7.27.1.tgz. Extracting by manifest.
157 silly tarball no local data for @babel/helper-validator-identifier@https://registry.npmmirror.com/@babel/helper-validator-identifier/-/helper-validator-identifier-7.28.5.tgz. Extracting by manifest.
158 silly tarball no local data for @babel/helper-string-parser@https://registry.npmmirror.com/@babel/helper-string-parser/-/helper-string-parser-7.27.1.tgz. Extracting by manifest.
159 silly tarball no local data for @babel/helper-plugin-utils@https://registry.npmmirror.com/@babel/helper-plugin-utils/-/helper-plugin-utils-7.28.6.tgz. Extracting by manifest.
160 silly tarball no local data for @babel/helper-module-transforms@https://registry.npmmirror.com/@babel/helper-module-transforms/-/helper-module-transforms-7.28.6.tgz. Extracting by manifest.
161 silly tarball no local data for @babel/helper-globals@https://registry.npmmirror.com/@babel/helper-globals/-/helper-globals-7.28.0.tgz. Extracting by manifest.
162 silly tarball no local data for @babel/helper-module-imports@https://registry.npmmirror.com/@babel/helper-module-imports/-/helper-module-imports-7.28.6.tgz. Extracting by manifest.
163 silly tarball no local data for @babel/helper-compilation-targets@https://registry.npmmirror.com/@babel/helper-compilation-targets/-/helper-compilation-targets-7.28.6.tgz. Extracting by manifest.
164 silly tarball no local data for @babel/generator@https://registry.npmmirror.com/@babel/generator/-/generator-7.29.1.tgz. Extracting by manifest.
165 silly tarball no local data for @babel/core@https://registry.npmmirror.com/@babel/core/-/core-7.29.0.tgz. Extracting by manifest.
166 silly tarball no local data for vite@https://registry.npmmirror.com/vite/-/vite-5.4.21.tgz. Extracting by manifest.
167 silly tarball no local data for @babel/compat-data@https://registry.npmmirror.com/@babel/compat-data/-/compat-data-7.29.0.tgz. Extracting by manifest.
168 silly tarball no local data for @babel/code-frame@https://registry.npmmirror.com/@babel/code-frame/-/code-frame-7.29.0.tgz. Extracting by manifest.
169 http fetch GET 200 https://cdn.npmmirror.com/packages/yallist/3.1.1/yallist-3.1.1.tgz 9295ms (cache miss)
170 http fetch GET 200 https://cdn.npmmirror.com/packages/semver/6.3.1/semver-6.3.1.tgz 9769ms (cache miss)
171 http fetch GET 200 https://cdn.npmmirror.com/packages/scheduler/0.23.2/scheduler-0.23.2.tgz 9776ms (cache miss)
172 http fetch GET 200 https://cdn.npmmirror.com/packages/react-refresh/0.17.0/react-refresh-0.17.0.tgz 10726ms (cache miss)
173 http fetch GET 200 https://cdn.npmmirror.com/packages/%40types/estree/1.0.8/estree-1.0.8.tgz 11436ms (cache miss)
174 http fetch GET 200 https://cdn.npmmirror.com/packages/browserslist/4.28.2/browserslist-4.28.2.tgz 11592ms (cache miss)
175 http fetch GET 200 https://cdn.npmmirror.com/packages/source-map-js/1.2.1/source-map-js-1.2.1.tgz 12022ms (cache miss)
176 http fetch GET 200 https://cdn.npmmirror.com/packages/json5/2.2.3/json5-2.2.3.tgz 12544ms (cache miss)
177 http fetch GET 200 https://cdn.npmmirror.com/packages/%40types/babel__traverse/7.28.0/babel__traverse-7.28.0.tgz 12586ms (cache miss)
178 http fetch GET 200 https://cdn.npmmirror.com/packages/convert-source-map/2.0.0/convert-source-map-2.0.0.tgz 12827ms (cache miss)
179 http fetch GET 200 https://cdn.npmmirror.com/packages/%40types/babel__template/7.4.4/babel__template-7.4.4.tgz 14432ms (cache miss)
180 http fetch GET 200 https://cdn.npmmirror.com/packages/%40vitejs/plugin-react/4.7.0/plugin-react-4.7.0.tgz 14623ms (cache miss)
181 http fetch GET 200 https://cdn.npmmirror.com/packages/%40types/babel__generator/7.27.0/babel__generator-7.27.0.tgz 14801ms (cache miss)
182 http fetch GET 200 https://cdn.npmmirror.com/packages/%40types/babel__core/7.20.5/babel__core-7.20.5.tgz 17592ms (cache miss)
183 http fetch GET 200 https://cdn.npmmirror.com/packages/%40rolldown/pluginutils/1.0.0-beta.27/pluginutils-1.0.0-beta.27.tgz 17647ms (cache miss)
184 http fetch GET 200 https://cdn.npmmirror.com/packages/baseline-browser-mapping/2.10.13/baseline-browser-mapping-2.10.13.tgz 18680ms (cache miss)
185 http fetch GET 200 https://cdn.npmmirror.com/packages/%40jridgewell/trace-mapping/0.3.31/trace-mapping-0.3.31.tgz 18942ms (cache miss)
186 http fetch GET 200 https://cdn.npmmirror.com/packages/gensync/1.0.0-beta.2/gensync-1.0.0-beta.2.tgz 19564ms (cache miss)
187 http fetch GET 200 https://cdn.npmmirror.com/packages/escalade/3.2.0/escalade-3.2.0.tgz 19771ms (cache miss)
188 http fetch GET 200 https://cdn.npmmirror.com/packages/%40jridgewell/resolve-uri/3.1.2/resolve-uri-3.1.2.tgz 20276ms (cache miss)
189 http fetch GET 200 https://cdn.npmmirror.com/packages/%40jridgewell/remapping/2.3.5/remapping-2.3.5.tgz 21156ms (cache miss)
190 http fetch GET 200 https://cdn.npmmirror.com/packages/%40babel/plugin-transform-react-jsx-source/7.27.1/plugin-transform-react-jsx-source-7.27.1.tgz 21494ms (cache miss)
191 http fetch GET 200 https://cdn.npmmirror.com/packages/%40jridgewell/sourcemap-codec/1.5.5/sourcemap-codec-1.5.5.tgz 21509ms (cache miss)
192 http fetch GET 200 https://cdn.npmmirror.com/packages/update-browserslist-db/1.2.3/update-browserslist-db-1.2.3.tgz 23106ms (cache miss)
193 http fetch GET 200 https://cdn.npmmirror.com/packages/js-tokens/4.0.0/js-tokens-4.0.0.tgz 23085ms (cache miss)
194 http fetch GET 200 https://cdn.npmmirror.com/packages/%40babel/plugin-transform-react-jsx-self/7.27.1/plugin-transform-react-jsx-self-7.27.1.tgz 23396ms (cache miss)
195 http fetch GET 200 https://cdn.npmmirror.com/packages/jsesc/3.1.0/jsesc-3.1.0.tgz 23491ms (cache miss)
196 http fetch GET 200 https://cdn.npmmirror.com/packages/caniuse-lite/1.0.30001784/caniuse-lite-1.0.30001784.tgz 23492ms (cache miss)
197 http fetch GET 200 https://cdn.npmmirror.com/packages/%40jridgewell/gen-mapping/0.3.13/gen-mapping-0.3.13.tgz 23475ms (cache miss)
198 http fetch GET 200 https://cdn.npmmirror.com/packages/react/18.3.1/react-18.3.1.tgz 24854ms (cache miss)
199 http fetch GET 200 https://cdn.npmmirror.com/packages/postcss/8.5.8/postcss-8.5.8.tgz 25324ms (cache miss)
200 http fetch GET 200 https://cdn.npmmirror.com/packages/node-releases/2.0.37/node-releases-2.0.37.tgz 25373ms (cache miss)
201 http fetch GET 200 https://cdn.npmmirror.com/packages/picocolors/1.1.1/picocolors-1.1.1.tgz 25592ms (cache miss)
202 http fetch GET 200 https://cdn.npmmirror.com/packages/lru-cache/5.1.1/lru-cache-5.1.1.tgz 25733ms (cache miss)
203 http fetch GET 200 https://cdn.npmmirror.com/packages/esbuild/0.21.5/esbuild-0.21.5.tgz 26083ms (cache miss)
204 http fetch GET 200 https://cdn.npmmirror.com/packages/rollup/4.60.1/rollup-4.60.1.tgz 26444ms (cache miss)
205 http fetch GET 200 https://cdn.npmmirror.com/packages/%40babel/template/7.28.6/template-7.28.6.tgz 26798ms (cache miss)
206 http fetch GET 200 https://cdn.npmmirror.com/packages/nanoid/3.3.11/nanoid-3.3.11.tgz 27750ms (cache miss)
207 http fetch GET 200 https://cdn.npmmirror.com/packages/%40babel/helper-validator-option/7.27.1/helper-validator-option-7.27.1.tgz 27708ms (cache miss)
208 http fetch GET 200 https://cdn.npmmirror.com/packages/%40babel/helper-string-parser/7.27.1/helper-string-parser-7.27.1.tgz 28018ms (cache miss)
209 http fetch GET 200 https://cdn.npmmirror.com/packages/%40babel/helper-plugin-utils/7.28.6/helper-plugin-utils-7.28.6.tgz 28203ms (cache miss)
210 http fetch GET 200 https://cdn.npmmirror.com/packages/electron-to-chromium/1.5.331/electron-to-chromium-1.5.331.tgz 28399ms (cache miss)
211 http fetch GET 200 https://cdn.npmmirror.com/packages/%40babel/helper-module-imports/7.28.6/helper-module-imports-7.28.6.tgz 28467ms (cache miss)
212 http fetch GET 200 https://cdn.npmmirror.com/packages/%40babel/helper-validator-identifier/7.28.5/helper-validator-identifier-7.28.5.tgz 29341ms (cache miss)
213 http fetch GET 200 https://cdn.npmmirror.com/packages/%40babel/helper-globals/7.28.0/helper-globals-7.28.0.tgz 29462ms (cache miss)
214 http fetch GET 200 https://cdn.npmmirror.com/packages/%40babel/helper-module-transforms/7.28.6/helper-module-transforms-7.28.6.tgz 29968ms (cache miss)
215 http fetch GET 200 https://cdn.npmmirror.com/packages/%40babel/helper-compilation-targets/7.28.6/helper-compilation-targets-7.28.6.tgz 30567ms (cache miss)
216 http fetch GET 200 https://cdn.npmmirror.com/packages/%40babel/compat-data/7.29.0/compat-data-7.29.0.tgz 30614ms (cache miss)
217 http fetch GET 200 https://cdn.npmmirror.com/packages/%40babel/code-frame/7.29.0/code-frame-7.29.0.tgz 31159ms (cache miss)
218 http fetch GET 200 https://cdn.npmmirror.com/packages/loose-envify/1.4.0/loose-envify-1.4.0.tgz 31359ms (cache miss)
219 http fetch GET 200 https://cdn.npmmirror.com/packages/%40babel/types/7.29.0/types-7.29.0.tgz 33475ms (cache miss)
220 http fetch GET 200 https://cdn.npmmirror.com/packages/react-dom/18.3.1/react-dom-18.3.1.tgz 35509ms (cache miss)
221 http fetch GET 200 https://cdn.npmmirror.com/packages/%40rollup/rollup-linux-x64-gnu/4.60.1/rollup-linux-x64-gnu-4.60.1.tgz 35638ms (cache miss)
222 http fetch GET 200 https://cdn.npmmirror.com/packages/%40babel/helpers/7.29.2/helpers-7.29.2.tgz 36259ms (cache miss)
223 http fetch GET 200 https://cdn.npmmirror.com/packages/%40babel/traverse/7.29.0/traverse-7.29.0.tgz 36271ms (cache miss)
224 http fetch GET 200 https://cdn.npmmirror.com/packages/%40babel/generator/7.29.1/generator-7.29.1.tgz 36818ms (cache miss)
225 http fetch GET 200 https://cdn.npmmirror.com/packages/%40babel/parser/7.29.2/parser-7.29.2.tgz 36931ms (cache miss)
226 http fetch GET 200 https://cdn.npmmirror.com/packages/%40babel/core/7.29.0/core-7.29.0.tgz 37751ms (cache miss)
227 http fetch GET 200 https://cdn.npmmirror.com/packages/vite/5.4.21/vite-5.4.21.tgz 47154ms (cache miss)
228 http fetch GET 200 https://cdn.npmmirror.com/packages/%40esbuild/linux-x64/0.21.5/linux-x64-0.21.5.tgz 64492ms (cache miss)
229 info run esbuild@0.21.5 postinstall node_modules/esbuild node install.js
230 info run esbuild@0.21.5 postinstall { code: 0, signal: null }
231 silly ADD node_modules/yallist
232 silly ADD node_modules/vite
233 silly ADD node_modules/update-browserslist-db
234 silly ADD node_modules/source-map-js
235 silly ADD node_modules/semver
236 silly ADD node_modules/scheduler
237 silly ADD node_modules/rollup
238 silly ADD node_modules/react-refresh
239 silly ADD node_modules/react-dom
240 silly ADD node_modules/react
241 silly ADD node_modules/postcss
242 silly ADD node_modules/picocolors
243 silly ADD node_modules/node-releases
244 silly ADD node_modules/nanoid
245 silly ADD node_modules/ms
246 silly ADD node_modules/lru-cache
247 silly ADD node_modules/loose-envify
248 silly ADD node_modules/json5
249 silly ADD node_modules/jsesc
250 silly ADD node_modules/js-tokens
251 silly ADD node_modules/gensync
252 silly ADD
253 silly ADD node_modules/escalade
254 silly ADD node_modules/esbuild
255 silly ADD node_modules/electron-to-chromium
256 silly ADD node_modules/debug
257 silly ADD node_modules/convert-source-map
258 silly ADD node_modules/caniuse-lite
259 silly ADD node_modules/browserslist
260 silly ADD node_modules/baseline-browser-mapping
261 silly ADD node_modules/@vitejs/plugin-react
262 silly ADD node_modules/@types/estree
263 silly ADD node_modules/@types/babel__traverse
264 silly ADD node_modules/@types/babel__template
265 silly ADD node_modules/@types/babel__generator
266 silly ADD node_modules/@types/babel__core
267 silly ADD
268 silly ADD
269 silly ADD
270 silly ADD
271 silly ADD
272 silly ADD
273 silly ADD
274 silly ADD node_modules/@rollup/rollup-linux-x64-gnu
275 silly ADD
276 silly ADD
277 silly ADD
278 silly ADD
279 silly ADD
280 silly ADD
281 silly ADD
282 silly ADD
283 silly ADD
284 silly ADD
285 silly ADD
286 silly ADD
287 silly ADD
288 silly ADD
289 silly ADD
290 silly ADD
291 silly ADD
292 silly ADD node_modules/@rolldown/pluginutils
293 silly ADD node_modules/@jridgewell/trace-mapping
294 silly ADD node_modules/@jridgewell/sourcemap-codec
295 silly ADD node_modules/@jridgewell/resolve-uri
296 silly ADD node_modules/@jridgewell/remapping
297 silly ADD node_modules/@jridgewell/gen-mapping
298 silly ADD
299 silly ADD
300 silly ADD
301 silly ADD
302 silly ADD
303 silly ADD
304 silly ADD node_modules/@esbuild/linux-x64
305 silly ADD
306 silly ADD
307 silly ADD
308 silly ADD
309 silly ADD
310 silly ADD
311 silly ADD
312 silly ADD
313 silly ADD
314 silly ADD
315 silly ADD
316 silly ADD
317 silly ADD
318 silly ADD
319 silly ADD
320 silly ADD
321 silly ADD node_modules/@babel/types
322 silly ADD node_modules/@babel/traverse
323 silly ADD node_modules/@babel/template
324 silly ADD node_modules/@babel/plugin-transform-react-jsx-source
325 silly ADD node_modules/@babel/plugin-transform-react-jsx-self
326 silly ADD node_modules/@babel/parser
327 silly ADD node_modules/@babel/helpers
328 silly ADD node_modules/@babel/helper-validator-option
329 silly ADD node_modules/@babel/helper-validator-identifier
330 silly ADD node_modules/@babel/helper-string-parser
331 silly ADD node_modules/@babel/helper-plugin-utils
332 silly ADD node_modules/@babel/helper-module-transforms
333 silly ADD node_modules/@babel/helper-module-imports
334 silly ADD node_modules/@babel/helper-globals
335 silly ADD node_modules/@babel/helper-compilation-targets
336 silly ADD node_modules/@babel/generator
337 silly ADD node_modules/@babel/core
338 silly ADD node_modules/@babel/compat-data
339 silly ADD node_modules/@babel/code-frame
340 verbose cwd /home/hashtech/user_profile/frontend
341 verbose os Linux 6.17.0-14-generic
342 verbose node v20.20.2
343 verbose npm  v10.8.2
344 verbose exit 0
345 info ok
